CLICK DERECHO GIT BASH EN CARPETA 

Usuario@NBK-001 MINGW64 ~/Desktop/nueva (master)   INICIA REPO
$ git init
Initialized empty Git repository in C:/Users/Usuario/Desktop/nueva/.git/

Usuario@NBK-001 MINGW64 ~/Desktop/nueva (master) MUESTRA NOMBRE DE USUARIO
$ git config --global user.name
ccoronel92

Usuario@NBK-001 MINGW64 ~/Desktop/nueva (master) MUESTRA MAIL DE USUARIO
$ git config --global user.email
ccoronel@estudiantes.unsam.edu.ar

Usuario@NBK-001 MINGW64 ~/Desktop/nueva (master) MUESTRA ESTADO
$ git status
On branch master

No commits yet

Untracked files:
  (use "git add <file>..." to include in what will be committed)   FALTA AGREGAR ARCHIVO
        hola.txt

nothing added to commit but untracked files present (use "git add" to track)  FALTA COMMIT

Usuario@NBK-001 MINGW64 ~/Desktop/nueva (master)  AGREGA ARCHIVOS
$ git add .

Usuario@NBK-001 MINGW64 ~/Desktop/nueva (master)  MUESTRA ESTADO
$ git status
On branch master

No commits yet

Changes to be committed:   A COMMIT
  (use "git rm --cached <file>..." to unstage)
        new file:   hola.txt


Usuario@NBK-001 MINGW64 ~/Desktop/nueva (main)   HAGO COMMIT
$ git commit -m "subo"
[main (root-commit) 0fb79e9] subo
 1 file changed, 1 insertion(+)
 create mode 100644 hola.txt


Usuario@NBK-001 MINGW64 ~/Desktop/nueva (master)     LUEGO DE HACER REPO EN GIT, 3 COMANDOS DEL MEDIO
$ git remote add origin https://github.com/ccoronel92/prueba.git

Usuario@NBK-001 MINGW64 ~/Desktop/nueva (master)
$ git branch -M main

Usuario@NBK-001 MINGW64 ~/Desktop/nueva (main)
$ git push -u origin main
Enumerating objects: 3, done.
Counting objects: 100% (3/3), done.
Writing objects: 100% (3/3), 216 bytes | 108.00 KiB/s, done.
Total 3 (delta 0), reused 0 (delta 0), pack-reused 0
To https://github.com/ccoronel92/prueba.git
 * [new branch]      main -> main
branch 'main' set up to track 'origin/main'.

PARA AGREGAR CAMBIOS, ADD DE NUEVO, COMMIT y PUSH
